/home/nadir/Bureau/SiteVitrine/scripts/run-prospection.sh: ligne 14 : export: « KEY-----\nMIIEvAIBADANBgkqhkiG9w0BAQEFAASCBKYwggSiAgEAAoIBAQC56deDPr96r87O\nvnWYHuISbj6OqVKEMo0Q8DcWsZYCm83cVvkXVGxzQxxCcJKIAg4tiUxiLH2jR3FH\nHGlsb/zwWwbZqoIhJXXxya2Zg1TJdJXa3GLW4ZS24X9ZNgTyKae8YgjbZmqcHpn4\n+AsfXiFE++yntUUINMyJWQCVbFgZP2fbyPYgwPq4pAZBjztpyxgjh3YmS5DaZD5O\n52m9f04SDauCvkdANULp4ftn7Ssr0sWxdURkMZ8LR83pEVGKjeDfpDAeBhTZ2ZLL\nXX5Fafv8nPydsy3r4JalOtTzM07tM9eDhR1TFf9gyyqeWhgAecHBibyEAQyl4Hxn\nOPgfvhpTAgMBAAECggEAVaLtbrs8oFrTPFBnAodXQ34cusIsDFDswdykw4NRwina\njaBSZPiya/WB0ujf1l58AWW5FY/A37FM8KCZvyVmsaB8a08rWfFTfuiTWp8wMwvM\n61+Q98I5KnR8oK9NX+7oINJXmhh3Cyrdad134h8N3CTfQfExtzH69VlV935MpnPR\nYD0xTsr2Lvg9eL9GV4amf2QXsDvb4hQUaNbxGwdSrw4f/RlAypkUj8CljVdIWRTS\nxn+k8ZpfutahD3Gt7hKZO6dSnfvMih87oHvvAkKjA2+zmKiwvVPJiMWcbUKnIYkZ\nEXGNfhG4zpNqKrttnMvV9g3AGxJfYkSdCczfKZ9CIQKBgQDhZsjiSzRqKaz83WF6\nsVTso4S8F2CJA/txtqPAaQ6+Y9AqTVpf+IUU+cvx53x2+z9oronQKS6wHnJg9L0i\n0OBXcAuEovshKGOAommEOf0sVT1DPubqXnU4BVBoLq5TMfIEcLfKeCXB1lpxKXln\n5rE0PijdBwIDO9Ld8SYozE9vFwKBgQDTJsHaiskSL+6wPTs6IhUa/0sWa/dx0tBn\n8a9X5z7ARNdx/BZpkimOGJx0O8cNQzjdK3fstNxR9qaU9py6Nadegc6eV5voakwh\nSoEgFcp0oHcJLswvJiBQCLRG9KB9YAIiFldskgP1OBzdsxvXwI88u1mhKznnA2AE\ntjxAvFzUJQKBgCr5XM2ARyMChR/E2YP58VYYqwLtdhNJdhQtHTVfEleMUjDuhI+N\no1nnclHRr7JDnshHlrDgWS1s8KO5paHQryUckKWeKUEeITJyRKnYIIPmUILUqFQA\n5Fpk8PqcA9KK0Di2gOQSWiiFxMKUhLghjKGIRGQ3pNOXAVIdWwgmQ/LLAoGAJ5pp\nWZgWRnb/CccySKED3GBtsPLnIk4sEJLgFFinCGDhF9v0SDDF4oTzM0nS98XX8IOq\nppb1i9n7PI1UsAhIMA2gt0ovT9RAGy5iMaZkpqNCMFK6sU0xWlGHnpdbUqijPcl6\n9D4ex+uSXnKtkjXnp7hsAzKcVZvocnnLq0ipEJECgYBoxErOCm7lS/q0q5dR6p3W\nB7aFbaBrBTI8vk+FUotnHg/dYE9EQH3GQ70wxuGDFLNUWHPatP+k1Iqq5zRfAbUS\n1iSuqTqQOEI+tfIlnCx1jFFInjQdZhdEM3z40KhhRSonZfM7c+ie7F1K7a1ufmJt\nzVJXRqaZdX4RoyyJdq8Iaw==\n-----END » : identifiant non valable
/home/nadir/Bureau/SiteVitrine/scripts/run-prospection.sh: ligne 14 : export: « KEY-----\n » : identifiant non valable
Max sites: 10, SMS: true

📥 Téléchargement des prospects...
🔍 Filtrage des prospects...
🔄 Conversion en JSON...
✅ 10 prospects filtrés
🏗️ Génération des sites...
📱 Envoi des SMS...

=== Terminé - lun. 23 févr. 2026 17:30:55 CET ===
Max sites: 20, SMS: true

📥 Téléchargement des prospects...
🔍 Filtrage des prospects...
🔄 Conversion en JSON...
✅ 20 prospects filtrés
🏗️ Génération des sites...
📱 Envoi des SMS...

=== Terminé - mar. 24 févr. 2026 17:30:56 CET ===
Max sites: 20, SMS: true

📥 Téléchargement des prospects...
🔍 Filtrage des prospects...
🔄 Conversion en JSON...
✅ 20 prospects filtrés
🏗️ Génération des sites...
📱 Envoi des SMS...

=== Terminé - mer. 25 févr. 2026 17:30:51 CET ===
