=== Déploiement GitHub Pages - lun. 02 mars 2026 11:20:21 CET ===
Déjà sur 'gh-pages'
Votre branche est à jour avec 'origin/gh-pages'.
[gh-pages a8d6b5d] Auto-deploy: 2026-03-02 11:20
 20 files changed, 1050 insertions(+)
 create mode 100644 generated/sms-campaign-v2-1/index.html
 create mode 100644 generated/sms-campaign-v2-1/prospect.json
 create mode 100644 generated/sms-campaign-v2-10/index.html
 create mode 100644 generated/sms-campaign-v2-10/prospect.json
 create mode 100644 generated/sms-campaign-v2-2/index.html
 create mode 100644 generated/sms-campaign-v2-2/prospect.json
 create mode 100644 generated/sms-campaign-v2-3/index.html
 create mode 100644 generated/sms-campaign-v2-3/prospect.json
 create mode 100644 generated/sms-campaign-v2-4/index.html
 create mode 100644 generated/sms-campaign-v2-4/prospect.json
 create mode 100644 generated/sms-campaign-v2-5/index.html
 create mode 100644 generated/sms-campaign-v2-5/prospect.json
 create mode 100644 generated/sms-campaign-v2-6/index.html
 create mode 100644 generated/sms-campaign-v2-6/prospect.json
 create mode 100644 generated/sms-campaign-v2-7/index.html
 create mode 100644 generated/sms-campaign-v2-7/prospect.json
 create mode 100644 generated/sms-campaign-v2-8/index.html
 create mode 100644 generated/sms-campaign-v2-8/prospect.json
 create mode 100644 generated/sms-campaign-v2-9/index.html
 create mode 100644 generated/sms-campaign-v2-9/prospect.json
To https://github.com/Nadir-DNA/sitevitrine-sms-campaign.git
   7b63076..a8d6b5d  gh-pages -> gh-pages
✅ Déploiement réussi
🔍 GitHub Pages: HTTP 404
=== Terminé - lun. 02 mars 2026 11:20:38 CET ===
