=== Prospection Digital DNA - lun. 23 févr. 2026 17:30:01 CET ===
Max sites: 10, SMS: true

📥 Téléchargement des prospects...
🚀 Téléchargement CSV depuis Google Sheets

📊 Sheet ID: 1rleRNrHQ7dG_oSwG1jsSMLtMD3B9Hpu5O5090yPfubg
📁 Output: /tmp/prospects.csv

📡 Méthode 1: API Google Sheets...
✅ CSV téléchargé via API: /tmp/prospects.csv
   158 lignes, 26 colonnes
🔍 Filtrage des prospects...
🔍 Filtrage automatique des prospects

📊 Total: 157
✅ Qualifications: 157
❌ Exclus: 0

📊 Déjà contactés: 0
🌐 Ont site: 0
📞 Pas tel: 0
❌ Tel invalide: 0
📠 Fixes: 0
💾 Sauvegardé: /tmp/prospects-filtered.csv (10 prospects)
🔄 Conversion en JSON...
✅ 10 prospects filtrés
🏗️ Génération des sites...
📱 Envoi des SMS...
[2026-02-23T16:30:17.860Z] 🚀 TEST: Génération avec prospects de test...
[2026-02-23T16:30:17.875Z] 📥 3 prospects de test chargés
[2026-02-23T16:30:17.877Z] 🎨 Génération des sites...
🎨 Génération site: Coiffure Martin
🔍 Enrichissement: Martin Dupont
✅ Données enrichies: 0 photos, rating: N/A
✅ Site généré: /home/nadir/Bureau/SiteVitrine/generated/test-001
[2026-02-23T16:30:25.369Z] ✅ Site généré: Coiffure Martin
🎨 Génération site: Institut Sophie
🔍 Enrichissement: Sophie Bernard
✅ Données enrichies: 0 photos, rating: N/A
✅ Site généré: /home/nadir/Bureau/SiteVitrine/generated/test-002
[2026-02-23T16:30:32.391Z] ✅ Site généré: Institut Sophie
🎨 Génération site: Plomberie Moreau
🔍 Enrichissement: Jean Moreau
✅ Données enrichies: 0 photos, rating: N/A
✅ Site généré: /home/nadir/Bureau/SiteVitrine/generated/test-003
[2026-02-23T16:30:39.241Z] ✅ Site généré: Plomberie Moreau
[2026-02-23T16:30:39.243Z] ✅ 3 sites générés
[2026-02-23T16:30:39.247Z] 🚀 Déploiement GitHub Pages...
🚀 Déploiement GitHub Pages: test-001
✅ Déployé: https://Nadir-DNA.github.io/sitevitrine-test-001/
🚀 Déploiement GitHub Pages: test-002
✅ Déployé: https://Nadir-DNA.github.io/sitevitrine-test-002/
🚀 Déploiement GitHub Pages: test-003
✅ Déployé: https://Nadir-DNA.github.io/sitevitrine-test-003/
[2026-02-23T16:30:55.644Z] ✅ 3 sites déployés
[2026-02-23T16:30:55.645Z] 💾 Sites sauvegardés pour test SMS
[2026-02-23T16:30:55.645Z] ✅ TEST TERMINÉ AVEC SUCCÈS
[2026-02-23T16:30:55.646Z]    🌐 Coiffure Martin: https://Nadir-DNA.github.io/sitevitrine-test-001/
[2026-02-23T16:30:55.646Z]    🌐 Institut Sophie: https://Nadir-DNA.github.io/sitevitrine-test-002/
[2026-02-23T16:30:55.646Z]    🌐 Plomberie Moreau: https://Nadir-DNA.github.io/sitevitrine-test-003/

=== Terminé - lun. 23 févr. 2026 17:30:55 CET ===
